// Jest Snapshot v1, https://goo.gl/fbAQLP

exports[`Footer should match the snapshot 1`] = `
<DocumentFragment>
  <div
    class="footer"
  >
    <div
      class="footer__row"
    >
      <img
        class="social__icon"
        src="facebook.svg"
      />
      <img
        class="social__icon"
        src="linkedin.svg"
      />
      <img
        class="social__icon"
        src="pinterest.svg"
      />
      <img
        class="social__icon"
        src="email.svg"
      />
    </div>
    <div
      class="col-sm-2 col-md-2 text-center"
    >
      <div
        class="portfolio-footer"
      >
        <h4>
          Portfolio
        </h4>
        <ul>
          <li>
            Project1
          </li>
          <li>
            Project2
          </li>
          <li>
            Project3
          </li>
          <li>
            See All
          </li>
        </ul>
      </div>
    </div>
  </div>
</DocumentFragment>
`;
